<_ class='blah'>
    <_>
        <_ name='description' />
        <_>Groovy</_>
        <_ href='blah' />
        <_>
            a {
                height: 100%;
            }
            body {
                height: 100%;
            }
        </_>
        <_ src='blah' />

        <!--  test comment -->
        <_ type='text/javascript'>
            window.obj = {
                blah: 'blah'
            };
        </_>
    </_>
    <_>
        <_ type='checkbox' checked></_>
        <_>text</_>
        <_ src='some.jpg' />
    </_>
</_>
